10:34:04 **** Build of configuration Debug for project up_CONVOLVE_1 ****
make all 
'Building file: ../src/ConvolveIP_conMixeo.c'
'Invoking: MicroBlaze gcc compiler'
mb-gcc -Wall -O0 -g3 -c -fmessage-length=0 -MT"src/ConvolveIP_conMixeo.o" -IC:/Educacion/Procom2020/PROCOMfinal/Vitis_workspace/FinalConvolve_NoFirstLoad/export/FinalConvolve_NoFirstLoad/sw/FinalConvolve_NoFirstLoad/standalone_domain/bspinclude/include -mlittle-endian -mcpu=v11.0 -mxl-soft-mul -Wl,--no-relax -ffunction-sections -fdata-sections -MMD -MP -MF"src/ConvolveIP_conMixeo.d" -MT"src/ConvolveIP_conMixeo.o" -o "src/ConvolveIP_conMixeo.o" "../src/ConvolveIP_conMixeo.c"
'Finished building: ../src/ConvolveIP_conMixeo.c'
' '
'Building file: ../src/platform.c'
'Invoking: MicroBlaze gcc compiler'
mb-gcc -Wall -O0 -g3 -c -fmessage-length=0 -MT"src/platform.o" -IC:/Educacion/Procom2020/PROCOMfinal/Vitis_workspace/FinalConvolve_NoFirstLoad/export/FinalConvolve_NoFirstLoad/sw/FinalConvolve_NoFirstLoad/standalone_domain/bspinclude/include -mlittle-endian -mcpu=v11.0 -mxl-soft-mul -Wl,--no-relax -ffunction-sections -fdata-sections -MMD -MP -MF"src/platform.d" -MT"src/platform.o" -o "src/platform.o" "../src/platform.c"
'Finished building: ../src/platform.c'
' '
'Building target: up_CONVOLVE_1.elf'
'Invoking: MicroBlaze gcc linker'
mb-gcc -Wl,-T -Wl,../src/lscript.ld -LC:/Educacion/Procom2020/PROCOMfinal/Vitis_workspace/FinalConvolve_NoFirstLoad/export/FinalConvolve_NoFirstLoad/sw/FinalConvolve_NoFirstLoad/standalone_domain/bsplib/lib -mlittle-endian -mcpu=v11.0 -mxl-soft-mul -Wl,--no-relax -Wl,--gc-sections -o "up_CONVOLVE_1.elf"  ./src/ConvolveIP_conMixeo.o ./src/platform.o   -Wl,--start-group,-lxil,-lgcc,-lc,--end-group
'Finished building target: up_CONVOLVE_1.elf'
' '
'Invoking: MicroBlaze Print Size'
mb-size up_CONVOLVE_1.elf  |tee "up_CONVOLVE_1.elf.size"
   text	   data	    bss	    dec	    hex	filename
  35040	   1816	   5320	  42176	   a4c0	up_CONVOLVE_1.elf
'Finished building: up_CONVOLVE_1.elf.size'
' '

10:34:08 Build Finished (took 4s.185ms)

