20:55:45 **** Incremental Build of configuration Debug for project up_FIFO ****
make all 
'Building file: ../src/ConvolveIP_conMixeo.c'
'Invoking: MicroBlaze gcc compiler'
mb-gcc -Wall -O0 -g3 -c -fmessage-length=0 -MT"src/ConvolveIP_conMixeo.o" -IC:/Educacion/Procom2020/PROCOMfinal/Vitis_workspace/uP_wrapper/export/uP_wrapper/sw/uP_wrapper/standalone_domain/bspinclude/include -mlittle-endian -mcpu=v11.0 -mxl-soft-mul -Wl,--no-relax -ffunction-sections -fdata-sections -MMD -MP -MF"src/ConvolveIP_conMixeo.d" -MT"src/ConvolveIP_conMixeo.o" -o "src/ConvolveIP_conMixeo.o" "../src/ConvolveIP_conMixeo.c"
../src/ConvolveIP_conMixeo.c: In function 'ReturnData':
../src/ConvolveIP_conMixeo.c:866:16: warning: unused variable 'time' [-Wunused-variable]
  unsigned long time = 2000;
                ^~~~
'Finished building: ../src/ConvolveIP_conMixeo.c'
' '
'Building target: up_FIFO.elf'
'Invoking: MicroBlaze gcc linker'
mb-gcc -Wl,-T -Wl,../src/lscript.ld -LC:/Educacion/Procom2020/PROCOMfinal/Vitis_workspace/uP_wrapper/export/uP_wrapper/sw/uP_wrapper/standalone_domain/bsplib/lib -mlittle-endian -mcpu=v11.0 -mxl-soft-mul -Wl,--no-relax -Wl,--gc-sections -o "up_FIFO.elf"  ./src/ConvolveIP_conMixeo.o ./src/platform.o   -Wl,--start-group,-lxil,-lgcc,-lc,--end-group
'Finished building target: up_FIFO.elf'
' '
'Invoking: MicroBlaze Print Size'
mb-size up_FIFO.elf  |tee "up_FIFO.elf.size"
   text	   data	    bss	    dec	    hex	filename
  34948	   1816	   5324	  42088	   a468	up_FIFO.elf
'Finished building: up_FIFO.elf.size'
' '

20:55:46 Build Finished (took 1s.253ms)

